$ next build
▲ Next.js 16.1.1 (Turbopack)
- Environments: .env

  Creating an optimized production build ...
✓ Compiled successfully in 3.8s
  Running TypeScript ...
  Collecting page data using 19 workers ...
  Generating static pages using 19 workers (0/8) ...
  Generating static pages using 19 workers (2/8) 
  Generating static pages using 19 workers (4/8) 
  Generating static pages using 19 workers (6/8) 
✓ Generating static pages using 19 workers (8/8) in 591.1ms
  Finalizing page optimization ...

Route (app)
┌ ○ /
├ ○ /_not-found
├ ○ /admin/dashboard
├ ƒ /api/uploadthing
├ ƒ /api/uploadthing/delete
├ ○ /bots
└ ƒ /bots/[id]


ƒ Proxy (Middleware)

○  (Static)   prerendered as static content
ƒ  (Dynamic)  server-rendered on demand

